
> kalash-gww@0.1.0 build
> next build

  ظû▓ Next.js 14.2.35
  - Environments: .env.local

   Creating an optimized production build ...
 ظ£ô Compiled successfully
   Linting and checking validity of types ...
node.exe : 
At C:\nvm4w\nodejs\npm.ps1
:16 char:5
+     & 
"$basedir/node$exe"  "$bas
edir/node_modules/npm/bin/
npm-cli.js" ...
+     ~~~~~~~~~~~~~~~~~~~~
~~~~~~~~~~~~~~~~~~~~~~~~~~
~~~~~~~~~~~~~~~~~~~
    + CategoryInfo        
      : NotSpecified: (:  
  String) [], RemoteExc   
 eption
    + FullyQualifiedError 
   Id : NativeCommandErr  
  or
 
Failed to compile.

./src/components/sections/
Projects.tsx
16:57  Error: Unexpected 
any. Specify a different 
type.  @typescript-eslint/
no-explicit-any

info  - Need to disable 
some ESLint rules? Learn 
more here: https://nextjs.
org/docs/basic-features/es
lint#disabling-rules
